------------------------------------------------------------
Timing Analyzer Summary
------------------------------------------------------------

Type  : Slow 1200mV 85C Model Setup 'CLK'
Slack : -2.139
TNS   : -27.232

Type  : Slow 1200mV 85C Model Hold 'CLK'
Slack : 0.360
TNS   : 0.000

Type  : Slow 1200mV 85C Model Minimum Pulse Width 'CLK'
Slack : -3.000
TNS   : -37.201

Type  : Slow 1200mV 85C Model Minimum Pulse Width 'S'
Slack : -3.000
TNS   : -3.000

Type  : Slow 1200mV 0C Model Setup 'CLK'
Slack : -1.983
TNS   : -24.676

Type  : Slow 1200mV 0C Model Hold 'CLK'
Slack : 0.322
TNS   : 0.000

Type  : Slow 1200mV 0C Model Minimum Pulse Width 'CLK'
Slack : -3.000
TNS   : -37.201

Type  : Slow 1200mV 0C Model Minimum Pulse Width 'S'
Slack : -3.000
TNS   : -3.000

Type  : Fast 1200mV 0C Model Setup 'CLK'
Slack : -0.227
TNS   : -1.064

Type  : Fast 1200mV 0C Model Hold 'CLK'
Slack : 0.151
TNS   : 0.000

Type  : Fast 1200mV 0C Model Minimum Pulse Width 'CLK'
Slack : -3.000
TNS   : -26.701

Type  : Fast 1200mV 0C Model Minimum Pulse Width 'S'
Slack : -3.000
TNS   : -3.000

------------------------------------------------------------
